[htmldemo.net/reid/reid/index.html]
[backblue.gif]
[fade.gif]
[index.html]
[htmldemo.net/reid/reid/assets/img/favicon.ico]
[htmldemo.net/reid/reid/assets/css/plugins.css]
[htmldemo.net/reid/reid/wishlist.html]
[htmldemo.net/reid/reid/my-account.html]
[htmldemo.net/reid/reid/assets/css/style.css]
[htmldemo.net/reid/reid/compare.html]
[htmldemo.net/reid/reid/assets/img/logo/language.png]
[htmldemo.net/reid/reid/assets/img/logo/cigar.jpg]
[htmldemo.net/reid/reid/assets/img/logo/language2.png]
[htmldemo.net/reid/reid/login.html]
[htmldemo.net/reid/reid/assets/img/s-product/product.jpg]
[htmldemo.net/reid/reid/assets/img/s-product/product2.jpg]
[htmldemo.net/reid/reid/cart.html]
[htmldemo.net/reid/reid/checkout.html]
[htmldemo.net/reid/reid/index-2.html]
[htmldemo.net/reid/reid/index-3.html]
[htmldemo.net/reid/reid/index-4.html]
[htmldemo.net/reid/reid/index-5.html]
[htmldemo.net/reid/reid/index-6.html]
[htmldemo.net/reid/reid/index-7.html]
[htmldemo.net/reid/reid/index-8.html]
[htmldemo.net/reid/reid/index-9.html]
[htmldemo.net/reid/reid/shop.html]
[htmldemo.net/reid/reid/shop-fullwidth.html]
[htmldemo.net/reid/reid/shop-fullwidth-list.html]
[htmldemo.net/reid/reid/shop-right-sidebar.html]
[htmldemo.net/reid/reid/shop-right-sidebar-list.html]
[htmldemo.net/reid/reid/shop-list.html]
[htmldemo.net/reid/reid/portfolio.html]
[htmldemo.net/reid/reid/portfolio-details.html]
[htmldemo.net/reid/reid/product-details.html]
[htmldemo.net/reid/reid/product-sidebar.html]
[htmldemo.net/reid/reid/product-grouped.html]
[htmldemo.net/reid/reid/blog.html]
[htmldemo.net/reid/reid/variable-product.html]
[htmldemo.net/reid/reid/blog-details.html]
[htmldemo.net/reid/reid/blog-sidebar.html]
[htmldemo.net/reid/reid/blog-fullwidth.html]
[htmldemo.net/reid/reid/about.html]
[htmldemo.net/reid/reid/services.html]
[htmldemo.net/reid/reid/faq.html]
[htmldemo.net/reid/reid/contact.html]
[htmldemo.net/reid/reid/404.html]
[htmldemo.net/reid/reid/privacy-policy.html]
[htmldemo.net/reid/reid/coming-soon.html]
[htmldemo.net/reid/reid/assets/img/logo/logo.png]
[htmldemo.net/reid/reid/product-gallery.html]
[htmldemo.net/reid/reid/assets/img/bg/banner1.jpg]
[htmldemo.net/reid/reid/assets/img/slider/slide1.jpg]
[htmldemo.net/reid/reid/assets/img/slider/content.png]
[htmldemo.net/reid/reid/assets/img/slider/slide2.jpg]
[htmldemo.net/reid/reid/assets/img/slider/content1.png]
[htmldemo.net/reid/reid/assets/img/slider/slide3.png]
[htmldemo.net/reid/reid/assets/img/slider/content2.png]
[htmldemo.net/reid/reid/assets/img/bg/banner2.jpg]
[htmldemo.net/reid/reid/assets/img/product/product1.jpg]
[htmldemo.net/reid/reid/assets/img/product/product2.jpg]
[htmldemo.net/reid/reid/assets/img/product/product4.jpg]
[htmldemo.net/reid/reid/assets/img/product/product3.jpg]
[htmldemo.net/reid/reid/assets/img/product/product6.jpg]
[htmldemo.net/reid/reid/assets/img/product/product5.jpg]
[htmldemo.net/reid/reid/assets/img/product/product7.jpg]
[htmldemo.net/reid/reid/assets/img/product/product8.jpg]
[htmldemo.net/reid/reid/assets/img/product/product10.jpg]
[htmldemo.net/reid/reid/assets/img/product/product9.jpg]
[htmldemo.net/reid/reid/assets/img/product/product11.jpg]
[htmldemo.net/reid/reid/assets/img/product/product13.jpg]
[htmldemo.net/reid/reid/assets/img/product/product14.jpg]
[htmldemo.net/reid/reid/assets/img/product/product15.jpg]
[htmldemo.net/reid/reid/assets/img/product/product16.jpg]
[htmldemo.net/reid/reid/assets/img/product/product18.jpg]
[htmldemo.net/reid/reid/assets/img/product/product17.jpg]
[htmldemo.net/reid/reid/assets/img/product/product19.jpg]
[htmldemo.net/reid/reid/assets/img/product/product20.jpg]
[htmldemo.net/reid/reid/assets/img/product/product12.jpg]
[htmldemo.net/reid/reid/assets/img/bg/banner4.jpg]
[htmldemo.net/reid/reid/assets/img/blog/blog1.jpg]
[htmldemo.net/reid/reid/assets/img/blog/blog2.jpg]
[htmldemo.net/reid/reid/assets/img/blog/blog3.jpg]
[htmldemo.net/reid/reid/assets/img/about/intagram.png]
[htmldemo.net/reid/reid/assets/img/about/intagram1.png]
[htmldemo.net/reid/reid/assets/img/about/intagram2.png]
[htmldemo.net/reid/reid/assets/img/about/intagram3(1).png]
[htmldemo.net/reid/reid/assets/img/about/intagram4(1).png]
[htmldemo.net/reid/reid/assets/img/s-product/product3.jpg]
[htmldemo.net/reid/reid/assets/img/s-product/product4.jpg]
[htmldemo.net/reid/reid/assets/img/s-product/product5.jpg]
[htmldemo.net/reid/reid/assets/js/plugins.js]
[htmldemo.net/reid/reid/index.html]
[htmldemo.net/reid/reid/assets/js/main.js]
[htmldemo.net/reid/reid/assets/fonts/fontawesome-webfont3e6e.eot]
[htmldemo.net/reid/reid/assets/fonts/fontawesome-webfont3e6e.woff2]
[htmldemo.net/reid/reid/assets/fonts/fontawesome-webfontd41d.eot]
[htmldemo.net/reid/reid/assets/fonts/fontawesome-webfont3e6e.woff]
[htmldemo.net/reid/reid/assets/fonts/fontawesome-webfont3e6e.ttf]
[htmldemo.net/reid/reid/assets/fonts/fontawesome-webfont3e6e.svg]
[htmldemo.net/reid/reid/assets/css/owl.video.play.png]
[htmldemo.net/reid/reid/assets/css/images/ui-icons_444444_256x240.png]
[htmldemo.net/reid/reid/assets/css/images/ui-icons_555555_256x240.png]
[htmldemo.net/reid/reid/assets/css/images/ui-icons_ffffff_256x240.png]
[htmldemo.net/reid/reid/assets/css/images/ui-icons_777620_256x240.png]
[htmldemo.net/reid/reid/assets/css/images/ui-icons_cc0000_256x240.png]
[htmldemo.net/reid/reid/assets/css/images/ui-icons_777777_256x240.png]
[htmldemo.net/reid/reid/assets/fonts/ionicons28b5.eot]
[htmldemo.net/reid/reid/assets/fonts/ionicons28b5.ttf]
[htmldemo.net/reid/reid/assets/fonts/ionicons28b5.woff]
[htmldemo.net/reid/reid/assets/fonts/ionicons28b5.svg]
[htmldemo.net/reid/reid/assets/fonts/Simple-Line-Iconsb26c.eot]
[htmldemo.net/reid/reid/assets/fonts/Simple-Line-Iconsb26c.woff2]
[htmldemo.net/reid/reid/assets/fonts/Simple-Line-Iconsb26c.ttf]
[htmldemo.net/reid/reid/assets/fonts/Simple-Line-Iconsb26c.woff]
[htmldemo.net/reid/reid/assets/css/plugins.css]
[htmldemo.net/reid/reid/assets/img/bg/banner3.jpg]
[htmldemo.net/reid/reid/assets/fonts/Simple-Line-Iconsb26c.svg]
[htmldemo.net/reid/reid/assets/img/icon/bkg_grid.png]
[htmldemo.net/reid/reid/assets/img/icon/bkg_grid_hover.png]
[htmldemo.net/reid/reid/assets/img/icon/bkg_grid4.png]
[htmldemo.net/reid/reid/assets/img/icon/bkg_grid4_hover.png]
[htmldemo.net/reid/reid/assets/img/icon/bkg_grid5.png]
[htmldemo.net/reid/reid/assets/img/icon/bkg_grid5_hover.png]
[htmldemo.net/reid/reid/assets/img/icon/bkg_list.png]
[htmldemo.net/reid/reid/assets/img/icon/bkg_list_hover.png]
[htmldemo.net/reid/reid/assets/img/bg/coming-soon.jpg]
[htmldemo.net/reid/reid/assets/css/style.css]
[htmldemo.net/reid/reid/wishlist.html]
[htmldemo.net/reid/reid/my-account.html]
[htmldemo.net/reid/reid/compare.html]
[htmldemo.net/reid/reid/login.html]
[htmldemo.net/reid/reid/cart.html]
[htmldemo.net/reid/reid/assets/img/icon/papyel.png]
[htmldemo.net/reid/reid/checkout.html]
[htmldemo.net/reid/reid/assets/img/bg/banner5.jpg]
[htmldemo.net/reid/reid/assets/img/bg/banner6.jpg]
[htmldemo.net/reid/reid/assets/img/about/shipping.png]
[htmldemo.net/reid/reid/assets/img/about/shipping1.png]
[htmldemo.net/reid/reid/assets/img/about/shipping2.png]
[htmldemo.net/reid/reid/assets/img/about/shipping3.png]
[htmldemo.net/reid/reid/assets/img/about/shipping4.png]
[htmldemo.net/reid/reid/assets/img/about/shipping5.png]
[htmldemo.net/reid/reid/assets/img/bg/banner7.jpg]
[htmldemo.net/reid/reid/index-2.html]
[htmldemo.net/reid/reid/assets/img/slider/slider4.png]
[htmldemo.net/reid/reid/assets/img/slider/content3.png]
[htmldemo.net/reid/reid/assets/img/slider/slider5.png]
[htmldemo.net/reid/reid/assets/img/slider/content4.png]
[htmldemo.net/reid/reid/assets/img/slider/slider6.png]
[htmldemo.net/reid/reid/assets/img/slider/content5.png]
[htmldemo.net/reid/reid/assets/img/bg/banner8.jpg]
[htmldemo.net/reid/reid/assets/img/bg/banner9.jpg]
[htmldemo.net/reid/reid/assets/img/bg/banner10.jpg]
[htmldemo.net/reid/reid/assets/img/product/product21.jpg]
[htmldemo.net/reid/reid/assets/img/product/product22.jpg]
[htmldemo.net/reid/reid/assets/img/product/product24.jpg]
[htmldemo.net/reid/reid/assets/img/product/product25.jpg]
[htmldemo.net/reid/reid/assets/img/product/product23.jpg]
[htmldemo.net/reid/reid/assets/img/bg/banner11.jpg]
[htmldemo.net/reid/reid/assets/img/bg/banner12.jpg]
[htmldemo.net/reid/reid/assets/img/product/product27.jpg]
[htmldemo.net/reid/reid/assets/img/product/product28.jpg]
[htmldemo.net/reid/reid/index-3.html]
[htmldemo.net/reid/reid/assets/img/logo/logo-Reid4.png]
[htmldemo.net/reid/reid/assets/img/slider/slider8.jpg]
[htmldemo.net/reid/reid/assets/img/slider/slider7.jpg]
[htmldemo.net/reid/reid/assets/img/slider/slider9.jpg]
[htmldemo.net/reid/reid/assets/img/logo/logo-2.png]
[htmldemo.net/reid/reid/assets/img/about/about-image.jpg]
[htmldemo.net/reid/reid/assets/img/about/about-image1.jpg]
[htmldemo.net/reid/reid/assets/img/about/about-image3.jpg]
[htmldemo.net/reid/reid/assets/img/about/about-image4.jpg]
[htmldemo.net/reid/reid/index-4.html]
[htmldemo.net/reid/reid/assets/img/bg/banner22.jpg]
[htmldemo.net/reid/reid/assets/img/bg/banner23.jpg]
[htmldemo.net/reid/reid/assets/img/bg/banner24.jpg]
[htmldemo.net/reid/reid/assets/img/bg/banner25.jpg]
[htmldemo.net/reid/reid/assets/img/bg/banner26.jpg]
[htmldemo.net/reid/reid/assets/js/jquery.easing.js]
[htmldemo.net/reid/reid/index-5.html]
[htmldemo.net/reid/reid/assets/js/jquery.singlefull.min.js]
[htmldemo.net/reid/reid/assets/img/logo/en-gb.png]
[htmldemo.net/reid/reid/assets/img/slider/slider10.jpg]
[htmldemo.net/reid/reid/assets/img/slider/slider11.jpg]
[htmldemo.net/reid/reid/assets/img/slider/slider12.jpg]
[htmldemo.net/reid/reid/assets/img/bg/banner18.jpg]
[htmldemo.net/reid/reid/assets/img/bg/banner19.jpg]
[htmldemo.net/reid/reid/assets/img/bg/banner20.jpg]
[htmldemo.net/reid/reid/assets/img/product/product26.jpg]
[htmldemo.net/reid/reid/assets/img/bg/banner21.jpg]
[htmldemo.net/reid/reid/index-6.html]
[htmldemo.net/reid/reid/assets/img/slider/slider13.jpg]
[htmldemo.net/reid/reid/assets/img/slider/slider14.jpg]
[htmldemo.net/reid/reid/assets/img/slider/slider15.jpg]
[htmldemo.net/reid/reid/assets/img/bg/banner27.jpg]
[htmldemo.net/reid/reid/assets/img/bg/banner28.jpg]
[htmldemo.net/reid/reid/index-7.html]
[htmldemo.net/reid/reid/assets/img/bg/banner29.jpg]
[htmldemo.net/reid/reid/assets/img/bg/banner30.jpg]
[htmldemo.net/reid/reid/assets/img/bg/banner31.jpg]
[htmldemo.net/reid/reid/index-8.html]
[htmldemo.net/reid/reid/index-9.html]
[htmldemo.net/reid/reid/shop.html]
[htmldemo.net/reid/reid/shop-fullwidth.html]
[htmldemo.net/reid/reid/shop-fullwidth-list.html]
[htmldemo.net/reid/reid/shop-right-sidebar.html]
[htmldemo.net/reid/reid/shop-right-sidebar-list.html]
[htmldemo.net/reid/reid/shop-list.html]
[htmldemo.net/reid/reid/assets/img/portfolio/portfolio1.jpg]
[htmldemo.net/reid/reid/assets/img/portfolio/portfolio2.jpg]
[htmldemo.net/reid/reid/assets/img/portfolio/portfolio3.jpg]
[htmldemo.net/reid/reid/assets/img/portfolio/portfolio4.jpg]
[htmldemo.net/reid/reid/assets/img/portfolio/portfolio5.jpg]
[htmldemo.net/reid/reid/assets/img/portfolio/portfolio7.jpg]
[htmldemo.net/reid/reid/assets/img/portfolio/portfolio8.jpg]
[htmldemo.net/reid/reid/assets/img/portfolio/portfolio10.jpg]
[htmldemo.net/reid/reid/assets/img/portfolio/portfolio11.jpg]
[htmldemo.net/reid/reid/portfolio.html]
[htmldemo.net/reid/reid/assets/img/blog/post1.jpg]
[htmldemo.net/reid/reid/assets/img/blog/post2.png]
[htmldemo.net/reid/reid/assets/img/blog/post3.png]
[htmldemo.net/reid/reid/assets/img/blog/post4.png]
[htmldemo.net/reid/reid/assets/img/blog/comment.png.jpg]
[htmldemo.net/reid/reid/assets/img/blog/blog6.jpg]
[htmldemo.net/reid/reid/assets/img/blog/admin_avatar.jpg]
[htmldemo.net/reid/reid/assets/img/blog/comment2.png.jpg]
[htmldemo.net/reid/reid/assets/img/blog/comment3.png.jpg]
[htmldemo.net/reid/reid/portfolio-details.html]
[htmldemo.net/reid/reid/product-details.html]
[htmldemo.net/reid/reid/product-sidebar.html]
[htmldemo.net/reid/reid/product-grouped.html]
[htmldemo.net/reid/reid/variable-product.html]
[htmldemo.net/reid/reid/assets/img/blog/blog4.png]
[htmldemo.net/reid/reid/assets/img/blog/blog1.png]
[htmldemo.net/reid/reid/assets/img/blog/blog2.png]
[htmldemo.net/reid/reid/assets/img/blog/blog3.png]
[htmldemo.net/reid/reid/blog.html]
[htmldemo.net/reid/reid/blog-details.html]
[htmldemo.net/reid/reid/blog-sidebar.html]
[htmldemo.net/reid/reid/assets/img/blog/blog8.jpg]
[htmldemo.net/reid/reid/assets/img/blog/blog7.jpg]
[htmldemo.net/reid/reid/assets/img/blog/blog9.jpg]
[htmldemo.net/reid/reid/blog-fullwidth.html]
[htmldemo.net/reid/reid/assets/img/about/about1.jpg]
[htmldemo.net/reid/reid/assets/img/about/count.png]
[htmldemo.net/reid/reid/assets/img/about/count2.png]
[htmldemo.net/reid/reid/assets/img/about/count3.png]
[htmldemo.net/reid/reid/assets/img/about/count4.png]
[htmldemo.net/reid/reid/assets/img/about/about2.jpg]
[htmldemo.net/reid/reid/about.html]
[htmldemo.net/reid/reid/assets/img/service/services1.jpg]
[htmldemo.net/reid/reid/assets/img/service/services2.jpg]
[htmldemo.net/reid/reid/assets/img/service/services3.jpg]
[htmldemo.net/reid/reid/assets/img/service/services4.jpg]
[htmldemo.net/reid/reid/services.html]
[htmldemo.net/reid/reid/faq.html]
[htmldemo.net/reid/reid/contact.html]
[htmldemo.net/reid/reid/404.html]
[htmldemo.net/reid/reid/privacy-policy.html]
[htmldemo.net/reid/reid/coming-soon.html]
[htmldemo.net/reid/reid/product-gallery.html]
[htmldemo.net/reid/reid/assets/fonts/fontawesome-webfont3e6e.svg]
[htmldemo.net/reid/reid/assets/css/owl.video.play.html]
[htmldemo.net/reid/reid/assets/css/images/ui-icons_444444_256x240.html]
[htmldemo.net/reid/reid/assets/css/images/ui-icons_555555_256x240.html]
[htmldemo.net/reid/reid/assets/css/images/ui-icons_ffffff_256x240.html]
[htmldemo.net/reid/reid/assets/css/images/ui-icons_777620_256x240.html]
[htmldemo.net/reid/reid/assets/css/images/ui-icons_cc0000_256x240.html]
[htmldemo.net/reid/reid/assets/css/images/ui-icons_777777_256x240.html]
[htmldemo.net/reid/reid/assets/fonts/ionicons28b5.svg]
[htmldemo.net/reid/reid/assets/fonts/Simple-Line-Iconsb26c.svg]
